S: 555151993 L: 999999999 LoF: 999999999 P: 611111119 I: 388888880 N: 11
