Programacion Multip. Sucesivas:
Polinomio grado 5
Resultado: 6.0
Tiempo: 0.0

Polinomio grado 10
Resultado: 11.0
Tiempo: 0.0

Polinomio grado 50
Resultado: 59.0
Tiempo: 0.0

Polinomio 100
Resultado: 100.0
Tiempo: 0.0

Polinomio 500
Resultado: 483.0
Tiempo: 0.0

Polinomio 1000
Resultado: 966.0
Tiempo: 10.0

Polinomio 2000
Resultado: 1973.0
Tiempo: 0.0

Polinomio 3000
Resultado: 2970.0
Tiempo: 10.0

Polinomio 4000
Resultado: 3972.0
Tiempo: 10.0

Polinomio 5000
Resultado: 5095.0
Tiempo: 20.0

Polinomio 6000
Resultado: 6069.0
Tiempo: 35.0

Polinomio 7000
Resultado: 7112.0
Tiempo: 36.0

Polinomio 8000
Resultado: 8042.0
Tiempo: 56.0

Polinomio 9000
Resultado: 9006.0
Tiempo: 58.0

Polinomio 10000
Resultado: 10008.0
Tiempo: 82.0

